[html.storebuild.shop/tecza-prv/tecza/index-one-page.html]
[backblue.gif]
[fade.gif]
[index.html]
[html.storebuild.shop/tecza-prv/tecza/assets/img/logo/favicons.png]
[html.storebuild.shop/tecza-prv/tecza/assets/css/bootstrap.css]
[html.storebuild.shop/tecza-prv/tecza/assets/css/animate.css]
[html.storebuild.shop/tecza-prv/tecza/assets/css/swiper-bundle.css]
[html.storebuild.shop/tecza-prv/tecza/assets/css/slick.css]
[html.storebuild.shop/tecza-prv/tecza/assets/css/magnific-popup.css]
[html.storebuild.shop/tecza-prv/tecza/assets/css/font-awesome-pro.css]
[html.storebuild.shop/tecza-prv/tecza/assets/css/flaticon_tecza.css]
[html.storebuild.shop/tecza-prv/tecza/assets/css/spacing.css]
[html.storebuild.shop/tecza-prv/tecza/assets/css/main.css]
[html.storebuild.shop/tecza-prv/tecza/assets/img/logo/preloder.png]
[html.storebuild.shop/tecza-prv/tecza/index.html]
[html.storebuild.shop/tecza-prv/tecza/assets/img/logo/logo.png]
[html.storebuild.shop/tecza-prv/tecza/contact.html]
[html.storebuild.shop/tecza-prv/tecza/assets/img/menu/home1.jpg]
[html.storebuild.shop/tecza-prv/tecza/assets/img/menu/home2.jpg]
[html.storebuild.shop/tecza-prv/tecza/index-2.html]
[html.storebuild.shop/tecza-prv/tecza/index2-one-page.html]
[html.storebuild.shop/tecza-prv/tecza/assets/img/menu/home3.jpg]
[html.storebuild.shop/tecza-prv/tecza/index-3.html]
[html.storebuild.shop/tecza-prv/tecza/index3-one-page.html]
[html.storebuild.shop/tecza-prv/tecza/assets/img/menu/home4.jpg]
[html.storebuild.shop/tecza-prv/tecza/index-4.html]
[html.storebuild.shop/tecza-prv/tecza/index4-one-page.html]
[html.storebuild.shop/tecza-prv/tecza/assets/img/menu/home5.jpg]
[html.storebuild.shop/tecza-prv/tecza/index-5.html]
[html.storebuild.shop/tecza-prv/tecza/index5-one-page.html]
[html.storebuild.shop/tecza-prv/tecza/shop-details.html]
[html.storebuild.shop/tecza-prv/tecza/assets/img/shop/shop-1.jpg]
[html.storebuild.shop/tecza-prv/tecza/assets/img/shop/shop-2.jpg]
[html.storebuild.shop/tecza-prv/tecza/cart.html]
[html.storebuild.shop/tecza-prv/tecza/checkout.html]
[html.storebuild.shop/tecza-prv/tecza/assets/img/logo/country.png]
[html.storebuild.shop/tecza-prv/tecza/assets/img/slider/slider-bg-1.jpg]
[html.storebuild.shop/tecza-prv/tecza/assets/img/slider/shape/home-one/slider-shape-1.png]
[html.storebuild.shop/tecza-prv/tecza/assets/img/slider/slider-bg-2.jpg]
[html.storebuild.shop/tecza-prv/tecza/assets/img/slider/slider-bg-3.jpg]
[html.storebuild.shop/tecza-prv/tecza/assets/img/feature/feature-bg.jpg]
[html.storebuild.shop/tecza-prv/tecza/assets/img/feature/feature-shape.png]
[html.storebuild.shop/tecza-prv/tecza/service-details.html]
[html.storebuild.shop/tecza-prv/tecza/assets/img/about/about-bg-shape.png]
[html.storebuild.shop/tecza-prv/tecza/assets/img/about/about-thumb.jpg]
[html.storebuild.shop/tecza-prv/tecza/assets/img/about/about-thumb-shape.png]
[html.storebuild.shop/tecza-prv/tecza/about.html]
[html.storebuild.shop/tecza-prv/tecza/assets/img/service/service1.jpg]
[html.storebuild.shop/tecza-prv/tecza/assets/img/service/service2.jpg]
[html.storebuild.shop/tecza-prv/tecza/assets/img/service/service3.jpg]
[html.storebuild.shop/tecza-prv/tecza/assets/img/service/service4.jpg]
[html.storebuild.shop/tecza-prv/tecza/assets/img/cta/cta-bg.jpg]
[html.storebuild.shop/tecza-prv/tecza/assets/img/cta/cta-bg-shape1.png]
[html.storebuild.shop/tecza-prv/tecza/assets/img/cta/cta-bg-shape2.png]
[html.storebuild.shop/tecza-prv/tecza/assets/img/benifit/benifit-img.png]
[html.storebuild.shop/tecza-prv/tecza/assets/img/benifit/benifit-shape1.png]
[html.storebuild.shop/tecza-prv/tecza/assets/img/benifit/benifit-shape2.png]
[html.storebuild.shop/tecza-prv/tecza/assets/img/service/service-two-bg-shape.png]
[html.storebuild.shop/tecza-prv/tecza/assets/img/service/service-two-center-bg.jpg]
[html.storebuild.shop/tecza-prv/tecza/team-details.html]
[html.storebuild.shop/tecza-prv/tecza/assets/img/team/team1.png]
[html.storebuild.shop/tecza-prv/tecza/assets/img/team/team2.png]
[html.storebuild.shop/tecza-prv/tecza/assets/img/team/team3.png]
[html.storebuild.shop/tecza-prv/tecza/assets/img/team/team4.png]
[html.storebuild.shop/tecza-prv/tecza/assets/img/contact/contact-shape1.png]
[html.storebuild.shop/tecza-prv/tecza/assets/img/contact/contact-shape2.png]
[html.storebuild.shop/tecza-prv/tecza/assets/img/contact/contact-img-left.jpg]
[html.storebuild.shop/tecza-prv/tecza/assets/img/contact/contact-img-right.jpg]
[html.storebuild.shop/tecza-prv/tecza/blog-details.html]
[html.storebuild.shop/tecza-prv/tecza/assets/img/blog/blog1.jpg]
[html.storebuild.shop/tecza-prv/tecza/assets/img/blog/blog2.jpg]
[html.storebuild.shop/tecza-prv/tecza/assets/img/blog/blog3.jpg]
[html.storebuild.shop/tecza-prv/tecza/assets/img/subscribe/subscribe-shape1.png]
[html.storebuild.shop/tecza-prv/tecza/assets/img/subscribe/subscribe-shape2.png]
[html.storebuild.shop/tecza-prv/tecza/assets/img/footer/footer-shape1.png]
[html.storebuild.shop/tecza-prv/tecza/assets/img/footer/footer-shape2.png]
[html.storebuild.shop/tecza-prv/tecza/assets/img/footer/footer-logo.png]
[html.storebuild.shop/tecza-prv/tecza/pricing.html]
[html.storebuild.shop/tecza-prv/tecza/service.html]
[html.storebuild.shop/tecza-prv/tecza/portfolio.html]
[html.storebuild.shop/tecza-prv/tecza/assets/img/footer/footer-gallery1.jpg]
[html.storebuild.shop/tecza-prv/tecza/assets/img/footer/footer-gallery2.jpg]
[html.storebuild.shop/tecza-prv/tecza/assets/img/footer/footer-gallery3.jpg]
[html.storebuild.shop/tecza-prv/tecza/assets/img/footer/footer-gallery4.jpg]
[html.storebuild.shop/tecza-prv/tecza/assets/img/footer/footer-gallery5.jpg]
[html.storebuild.shop/tecza-prv/tecza/assets/img/footer/footer-gallery6.jpg]
[html.storebuild.shop/tecza-prv/tecza/assets/js/vendor/jquery.js]
[html.storebuild.shop/tecza-prv/tecza/assets/js/vendor/waypoints.js]
[html.storebuild.shop/tecza-prv/tecza/assets/js/bootstrap-bundle.js]
[html.storebuild.shop/tecza-prv/tecza/assets/js/swiper-bundle.js]
[html.storebuild.shop/tecza-prv/tecza/assets/js/slick.js]
[html.storebuild.shop/tecza-prv/tecza/assets/js/range-slider.js]
[html.storebuild.shop/tecza-prv/tecza/assets/js/magnific-popup.js]
[html.storebuild.shop/tecza-prv/tecza/assets/js/nice-select.js]
[html.storebuild.shop/tecza-prv/tecza/assets/js/purecounter.js]
[html.storebuild.shop/tecza-prv/tecza/assets/js/wow.js]
[html.storebuild.shop/tecza-prv/tecza/assets/js/isotope-pkgd.js]
[html.storebuild.shop/tecza-prv/tecza/assets/js/imagesloaded-pkgd.js]
[html.storebuild.shop/tecza-prv/tecza/assets/js/ajax-form.js]
[html.storebuild.shop/tecza-prv/tecza/assets/js/slider-active.js]
[html.storebuild.shop/tecza-prv/tecza/index-one-page.html]
[html.storebuild.shop/tecza-prv/tecza/assets/css/bootstrap.css]
[html.storebuild.shop/tecza-prv/tecza/assets/css/animate.css]
[html.storebuild.shop/tecza-prv/tecza/assets/css/swiper-bundle.css]
[html.storebuild.shop/tecza-prv/tecza/assets/css/slick.css]
[html.storebuild.shop/tecza-prv/tecza/assets/css/magnific-popup.css]
[html.storebuild.shop/tecza-prv/tecza/assets/js/main.js]
[html.storebuild.shop/tecza-prv/tecza/assets/fonts/fa-brands-400.woff2]
[html.storebuild.shop/tecza-prv/tecza/assets/fonts/fa-brands-400.ttf]
[html.storebuild.shop/tecza-prv/tecza/assets/fonts/fa-duotone-900.woff2]
[html.storebuild.shop/tecza-prv/tecza/assets/fonts/fa-duotone-900.ttf]
[html.storebuild.shop/tecza-prv/tecza/assets/fonts/fa-light-300.woff2]
[html.storebuild.shop/tecza-prv/tecza/assets/fonts/fa-light-300.ttf]
[html.storebuild.shop/tecza-prv/tecza/assets/fonts/fa-regular-400.woff2]
[html.storebuild.shop/tecza-prv/tecza/assets/fonts/fa-regular-400.ttf]
[html.storebuild.shop/tecza-prv/tecza/assets/fonts/fa-solid-900.woff2]
[html.storebuild.shop/tecza-prv/tecza/assets/fonts/fa-solid-900.ttf]
[html.storebuild.shop/tecza-prv/tecza/assets/fonts/fa-thin-100.woff2]
[html.storebuild.shop/tecza-prv/tecza/assets/fonts/fa-thin-100.ttf]
[html.storebuild.shop/tecza-prv/tecza/assets/fonts/fa-v4compatibility.woff2]
[html.storebuild.shop/tecza-prv/tecza/assets/fonts/fa-v4compatibility.ttf]
[html.storebuild.shop/tecza-prv/tecza/assets/css/font-awesome-pro.css]
[html.storebuild.shop/tecza-prv/tecza/assets/fonts/flaticon_tecza.woff2]
[html.storebuild.shop/tecza-prv/tecza/assets/fonts/flaticon_tecza.woff]
[html.storebuild.shop/tecza-prv/tecza/assets/fonts/flaticon_tecza.eot]
[html.storebuild.shop/tecza-prv/tecza/assets/fonts/flaticon_tecza.ttf]
[html.storebuild.shop/tecza-prv/tecza/assets/css/flaticon_tecza.css]
[html.storebuild.shop/tecza-prv/tecza/assets/css/spacing.css]
[html.storebuild.shop/tecza-prv/tecza/assets/img/icon/cross-out.png]
[html.storebuild.shop/tecza-prv/tecza/assets/fonts/flaticon_tecza.svg]
[html.storebuild.shop/tecza-prv/tecza/assets/img/cross-out.png]
[html.storebuild.shop/tecza-prv/tecza/assets/css/images/ui-icons_444444_256x240.png]
[html.storebuild.shop/tecza-prv/tecza/assets/css/images/ui-icons_555555_256x240.png]
[html.storebuild.shop/tecza-prv/tecza/assets/css/images/ui-icons_ffffff_256x240.png]
[html.storebuild.shop/tecza-prv/tecza/assets/css/images/ui-icons_777620_256x240.png]
[html.storebuild.shop/tecza-prv/tecza/assets/css/images/ui-icons_cc0000_256x240.png]
[html.storebuild.shop/tecza-prv/tecza/assets/css/images/ui-icons_777777_256x240.png]
[html.storebuild.shop/tecza-prv/tecza/assets/css/main.css]
[html.storebuild.shop/tecza-prv/tecza/team.html]
[html.storebuild.shop/tecza-prv/tecza/testimonials.html]
[html.storebuild.shop/tecza-prv/tecza/portfolio-details.html]
[html.storebuild.shop/tecza-prv/tecza/faq.html]
[html.storebuild.shop/tecza-prv/tecza/error.html]
[html.storebuild.shop/tecza-prv/tecza/blog.html]
[html.storebuild.shop/tecza-prv/tecza/blog-sideber.html]
[html.storebuild.shop/tecza-prv/tecza/shop.html]
[html.storebuild.shop/tecza-prv/tecza/index.html]
[html.storebuild.shop/tecza-prv/tecza/assets/img/breadcrumb/breadcrumb-bg.jpg]
[html.storebuild.shop/tecza-prv/tecza/assets/img/breadcrumb/breadcrumb-shape1.png]
[html.storebuild.shop/tecza-prv/tecza/assets/img/breadcrumb/breadcrumb-shape2.png]
[html.storebuild.shop/tecza-prv/tecza/assets/img/contact/contact-us-img.jpg]
[html.storebuild.shop/tecza-prv/tecza/contact.html]
[html.storebuild.shop/tecza-prv/tecza/assets/img/header/location.svg]
[html.storebuild.shop/tecza-prv/tecza/assets/img/header/message.svg]
[html.storebuild.shop/tecza-prv/tecza/assets/img/slider/slider-2-bg-1.jpg]
[html.storebuild.shop/tecza-prv/tecza/assets/img/slider/shape/home-two/slider-2-shape-1.png]
[html.storebuild.shop/tecza-prv/tecza/assets/img/slider/shape/home-two/slider-2-content-shape.png]
[html.storebuild.shop/tecza-prv/tecza/assets/img/slider/shape/home-two/slider-2-bg-shape.png]
[html.storebuild.shop/tecza-prv/tecza/assets/img/slider/slider-2-bg-2.jpg]
[html.storebuild.shop/tecza-prv/tecza/assets/img/slider/slider-2-bg-3.jpg]
[html.storebuild.shop/tecza-prv/tecza/assets/img/about/about-2-thum.jpg]
[html.storebuild.shop/tecza-prv/tecza/assets/img/about/about-2-thum2.jpg]
[html.storebuild.shop/tecza-prv/tecza/assets/img/about/about-2-shape1.jpg]
[html.storebuild.shop/tecza-prv/tecza/assets/img/about/about-2-shape2.png]
[html.storebuild.shop/tecza-prv/tecza/assets/img/about/about-2-feature-icon1.svg]
[html.storebuild.shop/tecza-prv/tecza/assets/img/about/about-2-feature-icon2.svg]
[html.storebuild.shop/tecza-prv/tecza/assets/img/about/about-camp-icon.svg]
[html.storebuild.shop/tecza-prv/tecza/assets/img/service/service-2-bg.png]
[html.storebuild.shop/tecza-prv/tecza/assets/img/service/service-2-img1.jpg]
[html.storebuild.shop/tecza-prv/tecza/assets/img/service/service-2-img2.jpg]
[html.storebuild.shop/tecza-prv/tecza/assets/img/service/service-2-img3.jpg]
[html.storebuild.shop/tecza-prv/tecza/assets/img/technology/technology-box-shape.png]
[html.storebuild.shop/tecza-prv/tecza/assets/img/project/project-img1.jpg]
[html.storebuild.shop/tecza-prv/tecza/assets/img/project/project-img2.jpg]
[html.storebuild.shop/tecza-prv/tecza/assets/img/project/project-img3.jpg]
[html.storebuild.shop/tecza-prv/tecza/assets/img/project/project-img4.jpg]
[html.storebuild.shop/tecza-prv/tecza/assets/img/counter/counter-bg.png]
[html.storebuild.shop/tecza-prv/tecza/assets/img/counter/counter-icon1.svg]
[html.storebuild.shop/tecza-prv/tecza/assets/img/counter/counter-icon2.svg]
[html.storebuild.shop/tecza-prv/tecza/assets/img/counter/counter-icon3.svg]
[html.storebuild.shop/tecza-prv/tecza/assets/img/counter/counter-icon4.svg]
[html.storebuild.shop/tecza-prv/tecza/assets/img/faq/faq-2-bg.png]
[html.storebuild.shop/tecza-prv/tecza/assets/img/faq/faq-2-img.jpg]
[html.storebuild.shop/tecza-prv/tecza/assets/img/testimonial/testi1.jpg]
[html.storebuild.shop/tecza-prv/tecza/assets/img/testimonial/testi-start.png]
[html.storebuild.shop/tecza-prv/tecza/assets/img/testimonial/testi2.jpg]
[html.storebuild.shop/tecza-prv/tecza/assets/img/choose-us/choose-us-man-shape.png]
[html.storebuild.shop/tecza-prv/tecza/assets/img/choose-us/choose-us-2-img.jpg]
[html.storebuild.shop/tecza-prv/tecza/assets/img/choose-us/choose-us-2-shape.png]
[html.storebuild.shop/tecza-prv/tecza/assets/img/choose-us/choose-us-feature-shape.png]
[html.storebuild.shop/tecza-prv/tecza/assets/img/brand/brand1.png]
[html.storebuild.shop/tecza-prv/tecza/assets/img/brand/brand2.png]
[html.storebuild.shop/tecza-prv/tecza/assets/img/brand/brand3.png]
[html.storebuild.shop/tecza-prv/tecza/assets/img/brand/brand4.png]
[html.storebuild.shop/tecza-prv/tecza/assets/img/brand/brand5.png]
[html.storebuild.shop/tecza-prv/tecza/assets/img/management/management-2-img1.jpg]
[html.storebuild.shop/tecza-prv/tecza/assets/img/management/management-2-img2.jpg]
[html.storebuild.shop/tecza-prv/tecza/assets/img/management/management-2-img3.jpg]
[html.storebuild.shop/tecza-prv/tecza/assets/img/blog/blog-2-user.png]
[html.storebuild.shop/tecza-prv/tecza/assets/img/footer/footer-post1.jpg]
[html.storebuild.shop/tecza-prv/tecza/assets/img/footer/footer-post2.jpg]
[html.storebuild.shop/tecza-prv/tecza/index-2.html]
[html.storebuild.shop/tecza-prv/tecza/index2-one-page.html]
[html.storebuild.shop/tecza-prv/tecza/assets/img/slider/slider-3-bg-1.jpg]
[html.storebuild.shop/tecza-prv/tecza/assets/img/slider/shape/home-three/slider-3-shape.png]
[html.storebuild.shop/tecza-prv/tecza/assets/img/slider/slider-3-bg-2.jpg]
[html.storebuild.shop/tecza-prv/tecza/assets/img/slider/slider-3-bg-3.jpg]
[html.storebuild.shop/tecza-prv/tecza/assets/img/feature/feature-3-img1.jpg]
[html.storebuild.shop/tecza-prv/tecza/assets/img/feature/feature-3-box-shape.png]
[html.storebuild.shop/tecza-prv/tecza/assets/img/feature/feature-3-img2.jpg]
[html.storebuild.shop/tecza-prv/tecza/assets/img/feature/feature-3-img3.jpg]
[html.storebuild.shop/tecza-prv/tecza/assets/img/about/about-3-img.jpg]
[html.storebuild.shop/tecza-prv/tecza/assets/img/about/about-3-img-shape1.jpg]
[html.storebuild.shop/tecza-prv/tecza/assets/img/about/about-3-img-shape2.png]
[html.storebuild.shop/tecza-prv/tecza/assets/img/about/about-3-feature.svg]
[html.storebuild.shop/tecza-prv/tecza/assets/img/about/about-3-list-icon.svg]
[html.storebuild.shop/tecza-prv/tecza/assets/img/service/service-3-bg-shape.png]
[html.storebuild.shop/tecza-prv/tecza/assets/img/service/service-3-img1.jpg]
[html.storebuild.shop/tecza-prv/tecza/assets/img/service/service-3-icon.svg]
[html.storebuild.shop/tecza-prv/tecza/service-detalis.html]
[html.storebuild.shop/tecza-prv/tecza/assets/img/service/service-3-icon2.svg]
[html.storebuild.shop/tecza-prv/tecza/assets/img/service/service-3-icon3.svg]
[html.storebuild.shop/tecza-prv/tecza/assets/img/service/service-3-icon6.svg]
[html.storebuild.shop/tecza-prv/tecza/assets/img/service/service-3-icon4.svg]
[html.storebuild.shop/tecza-prv/tecza/assets/img/service/service-3-icon5.svg]
[html.storebuild.shop/tecza-prv/tecza/assets/img/portfolio/portfolio-3-img1.jpg]
[html.storebuild.shop/tecza-prv/tecza/assets/img/portfolio/portfolio-3-img2.jpg]
[html.storebuild.shop/tecza-prv/tecza/assets/img/portfolio/portfolio-3-img3.jpg]
[html.storebuild.shop/tecza-prv/tecza/assets/img/portfolio/portfolio-3-img4.jpg]
[html.storebuild.shop/tecza-prv/tecza/assets/img/subscribe/subscribe-3-shape1.png]
[html.storebuild.shop/tecza-prv/tecza/assets/img/subscribe/subscribe-3-shape2.png]
[html.storebuild.shop/tecza-prv/tecza/assets/img/choose-us/choose-us-3-bg.jpg]
[html.storebuild.shop/tecza-prv/tecza/assets/img/choose-us/choose-us-icon1.svg]
[html.storebuild.shop/tecza-prv/tecza/assets/img/choose-us/choose-us-icon2.svg]
[html.storebuild.shop/tecza-prv/tecza/assets/img/testimonial/testimonial-3-bg-shape.png]
[html.storebuild.shop/tecza-prv/tecza/assets/img/testimonial/testimonial-3-man.jpg]
[html.storebuild.shop/tecza-prv/tecza/assets/img/testimonial/tp-testimonial-3-start.png]
[html.storebuild.shop/tecza-prv/tecza/assets/img/testimonial/testimonial-3-shape.png]
[html.storebuild.shop/tecza-prv/tecza/assets/img/testimonial/testimonial-3-man2.jpg]
[html.storebuild.shop/tecza-prv/tecza/assets/img/testimonial/testimonial-3-man3.jpg]
[html.storebuild.shop/tecza-prv/tecza/assets/img/faq/faq-text-img.png]
[html.storebuild.shop/tecza-prv/tecza/assets/img/faq/faq-text-img2.png]
[html.storebuild.shop/tecza-prv/tecza/assets/img/faq/faq-text-img3.png]
[html.storebuild.shop/tecza-prv/tecza/assets/img/team/team-3-img1.jpg]
[html.storebuild.shop/tecza-prv/tecza/assets/img/team/team-3-img2.jpg]
[html.storebuild.shop/tecza-prv/tecza/assets/img/team/team-3-img3.jpg]
[html.storebuild.shop/tecza-prv/tecza/assets/img/clients/03.jpg]
[html.storebuild.shop/tecza-prv/tecza/assets/img/clients/01.png]
[html.storebuild.shop/tecza-prv/tecza/assets/img/blog/blog-3-bg.jpg]
[html.storebuild.shop/tecza-prv/tecza/assets/img/subscribe/subscribe-3-bottom-shape.png]
[html.storebuild.shop/tecza-prv/tecza/assets/img/subscribe/subscribe-3-bottom-shape2.png]
[html.storebuild.shop/tecza-prv/tecza/assets/js/jquery-knob.js]
[html.storebuild.shop/tecza-prv/tecza/index-3.html]
[html.storebuild.shop/tecza-prv/tecza/assets/js/jquery-appear.js]
[html.storebuild.shop/tecza-prv/tecza/index3-one-page.html]
[html.storebuild.shop/tecza-prv/tecza/assets/img/header/toggle-btn.svg]
[html.storebuild.shop/tecza-prv/tecza/assets/img/slider/shape/home-four/slider-4-img-man.png]
[html.storebuild.shop/tecza-prv/tecza/assets/img/slider/shape/home-four/slider-4-shape1.png]
[html.storebuild.shop/tecza-prv/tecza/assets/img/slider/shape/home-four/slider-4-shape2.png]
[html.storebuild.shop/tecza-prv/tecza/assets/img/slider/shape/home-four/slider-4-shape3.png]
[html.storebuild.shop/tecza-prv/tecza/assets/img/slider/shape/home-four/slider-4-shape4.png]
[html.storebuild.shop/tecza-prv/tecza/assets/img/slider/shape/home-four/slider-4-shape5.jpg]
[html.storebuild.shop/tecza-prv/tecza/assets/img/about/about-4-bg.jpg]
[html.storebuild.shop/tecza-prv/tecza/assets/img/about/about-4-feature-icon.svg]
[html.storebuild.shop/tecza-prv/tecza/assets/img/service/service-4-img1.png]
[html.storebuild.shop/tecza-prv/tecza/assets/img/service/service-4-icon1.svg]
[html.storebuild.shop/tecza-prv/tecza/assets/img/service/service-4-img2.png]
[html.storebuild.shop/tecza-prv/tecza/assets/img/service/service-4-icon2.svg]
[html.storebuild.shop/tecza-prv/tecza/assets/img/service/service-4-img3.png]
[html.storebuild.shop/tecza-prv/tecza/assets/img/service/service-4-icon3.svg]
[html.storebuild.shop/tecza-prv/tecza/assets/img/service/service-4-img4.png]
[html.storebuild.shop/tecza-prv/tecza/assets/img/service/service-4-icon4.svg]
[html.storebuild.shop/tecza-prv/tecza/assets/img/project/project-3-bg-shape.png]
[html.storebuild.shop/tecza-prv/tecza/assets/img/project/project-3-bg.jpg]
[html.storebuild.shop/tecza-prv/tecza/assets/img/project/project-4-right-icon.svg]
[html.storebuild.shop/tecza-prv/tecza/assets/img/project/project-4-img1.jpg]
[html.storebuild.shop/tecza-prv/tecza/assets/img/project/project-4-img2.jpg]
[html.storebuild.shop/tecza-prv/tecza/assets/img/project/project-4-img3.jpg]
[html.storebuild.shop/tecza-prv/tecza/assets/img/project/project-4-img4.jpg]
[html.storebuild.shop/tecza-prv/tecza/assets/img/counter/counter-4-icon1.svg]
[html.storebuild.shop/tecza-prv/tecza/assets/img/counter/counter-4-icon2.svg]
[html.storebuild.shop/tecza-prv/tecza/assets/img/counter/counter-4-icon3.svg]
[html.storebuild.shop/tecza-prv/tecza/assets/img/counter/counter-4-icon4.svg]
[html.storebuild.shop/tecza-prv/tecza/assets/img/technology/tecnology-4-shape1.png]
[html.storebuild.shop/tecza-prv/tecza/assets/img/technology/tecnology-4-shape2.png]
[html.storebuild.shop/tecza-prv/tecza/assets/img/faq/faq-4-man-img.png]
[html.storebuild.shop/tecza-prv/tecza/assets/img/faq/faq-4-shape.png]
[html.storebuild.shop/tecza-prv/tecza/assets/img/testimonial/tesimonial-4-bg-shape.png]
[html.storebuild.shop/tecza-prv/tecza/assets/img/testimonial/testi-4-man-img.png]
[html.storebuild.shop/tecza-prv/tecza/assets/img/testimonial/testi-4-quate-icon.svg]
[html.storebuild.shop/tecza-prv/tecza/assets/img/testimonial/testi-company-logo.png]
[html.storebuild.shop/tecza-prv/tecza/assets/img/testimonial/testi-4-man-img2.png]
[html.storebuild.shop/tecza-prv/tecza/assets/img/brand/brand-4-img1.png]
[html.storebuild.shop/tecza-prv/tecza/assets/img/brand/brand-4-img2.png]
[html.storebuild.shop/tecza-prv/tecza/assets/img/brand/brand-4-img3.png]
[html.storebuild.shop/tecza-prv/tecza/assets/img/brand/brand-4-img4.png]
[html.storebuild.shop/tecza-prv/tecza/assets/img/brand/brand-4-img5.png]
[html.storebuild.shop/tecza-prv/tecza/assets/img/team/team-4-img1.jpg]
[html.storebuild.shop/tecza-prv/tecza/assets/img/team/team-4-img2.jpg]
[html.storebuild.shop/tecza-prv/tecza/assets/img/team/team-4-img3.jpg]
[html.storebuild.shop/tecza-prv/tecza/assets/img/team/team-4-img4.jpg]
[html.storebuild.shop/tecza-prv/tecza/assets/img/cta/cta-4-img.jpg]
[html.storebuild.shop/tecza-prv/tecza/assets/img/blog/blog-4-img1.jpg]
[html.storebuild.shop/tecza-prv/tecza/assets/img/blog/blog-4-subtitle-icon.svg]
[html.storebuild.shop/tecza-prv/tecza/assets/img/blog/blog-4-img2.jpg]
[html.storebuild.shop/tecza-prv/tecza/assets/img/blog/blog-4-img3.jpg]
[html.storebuild.shop/tecza-prv/tecza/index-4.html]
[html.storebuild.shop/tecza-prv/tecza/index4-one-page.html]
[html.storebuild.shop/tecza-prv/tecza/assets/img/slider/slider-5-bg1.jpg]
[html.storebuild.shop/tecza-prv/tecza/assets/img/slider/shape/home-five/slider-5-shape1.png]
[html.storebuild.shop/tecza-prv/tecza/assets/img/slider/shape/home-five/slider-5-shape2.png]
[html.storebuild.shop/tecza-prv/tecza/assets/img/slider/slider-5-bg2.jpg]
[html.storebuild.shop/tecza-prv/tecza/assets/img/slider/slider-5-bg3.jpg]
[html.storebuild.shop/tecza-prv/tecza/assets/img/service/service-5-star.svg]
[html.storebuild.shop/tecza-prv/tecza/assets/img/about/about-5-shape1.png]
[html.storebuild.shop/tecza-prv/tecza/assets/img/about/about-5-shape2.png]
[html.storebuild.shop/tecza-prv/tecza/assets/img/about/about-5-img.jpg]
[html.storebuild.shop/tecza-prv/tecza/assets/img/about/about-5-signature.png]
[html.storebuild.shop/tecza-prv/tecza/assets/img/project/project-5-bg.jpg]
[html.storebuild.shop/tecza-prv/tecza/assets/img/brand/brand-5-img1.png]
[html.storebuild.shop/tecza-prv/tecza/assets/img/brand/brand-5-img2.png]
[html.storebuild.shop/tecza-prv/tecza/assets/img/brand/brand-5-img3.png]
[html.storebuild.shop/tecza-prv/tecza/assets/img/brand/brand-5-img4.png]
[html.storebuild.shop/tecza-prv/tecza/assets/img/brand/brand-5-img5.png]
[html.storebuild.shop/tecza-prv/tecza/assets/img/subscribe/subscribe-5-bg.jpg]
[html.storebuild.shop/tecza-prv/tecza/assets/img/subscribe/subscribe-bg-shape.png]
[html.storebuild.shop/tecza-prv/tecza/assets/img/subscribe/subscribe-5-img.png]
[html.storebuild.shop/tecza-prv/tecza/assets/img/step/step-icon1.svg]
[html.storebuild.shop/tecza-prv/tecza/assets/img/step/step-icon2.svg]
[html.storebuild.shop/tecza-prv/tecza/assets/img/step/step-icon3.svg]
[html.storebuild.shop/tecza-prv/tecza/assets/img/step/step-icon4.svg]
[html.storebuild.shop/tecza-prv/tecza/assets/img/choose-us/choose-us-5-img.jpg]
[html.storebuild.shop/tecza-prv/tecza/assets/img/choose-us/choose-us-5-grow.jpg]
[html.storebuild.shop/tecza-prv/tecza/assets/img/contact/contact-5-bg.jpg]
[html.storebuild.shop/tecza-prv/tecza/assets/img/contact/contact-5-img.jpg]
[html.storebuild.shop/tecza-prv/tecza/assets/img/contact/contact-5-man-shape.png]
[html.storebuild.shop/tecza-prv/tecza/assets/img/testimonial/testimonial-5-bg-shpe.png]
[html.storebuild.shop/tecza-prv/tecza/assets/img/testimonial/testimonial-5-thumb1.png]
[html.storebuild.shop/tecza-prv/tecza/assets/img/testimonial/testi-quote-icon.svg]
[html.storebuild.shop/tecza-prv/tecza/assets/img/testimonial/testimonial-shape.png]
[html.storebuild.shop/tecza-prv/tecza/assets/img/testimonial/testimonial-5-thumb2.png]
[html.storebuild.shop/tecza-prv/tecza/assets/img/benifit/benifit-5-bg-shape1.png]
[html.storebuild.shop/tecza-prv/tecza/assets/img/benifit/benifit-5-bg-shape2.png]
[html.storebuild.shop/tecza-prv/tecza/assets/img/benifit/benifit-5-bg-shape3.png]
[html.storebuild.shop/tecza-prv/tecza/assets/img/benifit/benifit-5-icon.svg]
[html.storebuild.shop/tecza-prv/tecza/assets/img/benifit/benifit-5-btn-icon.svg]
[html.storebuild.shop/tecza-prv/tecza/assets/img/benifit/benifit-5-img1.jpg]
[html.storebuild.shop/tecza-prv/tecza/assets/img/benifit/benifit-5-img2.jpg]
[html.storebuild.shop/tecza-prv/tecza/assets/img/feature/feature-5-thumb.png]
[html.storebuild.shop/tecza-prv/tecza/assets/img/blog/blog-5-img1.jpg]
[html.storebuild.shop/tecza-prv/tecza/assets/img/blog/blog-5-img2.jpg]
[html.storebuild.shop/tecza-prv/tecza/assets/img/blog/blog-5-img3.jpg]
[html.storebuild.shop/tecza-prv/tecza/assets/img/subscribe/subscribe-5-bg-shape.png]
[html.storebuild.shop/tecza-prv/tecza/assets/img/subscribe/subscribe-3-bottom-shape3.png]
[html.storebuild.shop/tecza-prv/tecza/index-5.html]
[html.storebuild.shop/tecza-prv/tecza/index5-one-page.html]
[html.storebuild.shop/tecza-prv/tecza/assets/img/shop/product-details-bag-img.jpg]
[html.storebuild.shop/tecza-prv/tecza/assets/img/shop/product-details-reveiw.png]
[html.storebuild.shop/tecza-prv/tecza/shop-details.html]
[html.storebuild.shop/tecza-prv/tecza/assets/img/shop/product-details-sm-2.jpg]
[html.storebuild.shop/tecza-prv/tecza/assets/img/shop/product-details-sm-3.jpg]
[html.storebuild.shop/tecza-prv/tecza/cart.html]
[html.storebuild.shop/tecza-prv/tecza/assets/img/product/payment.png]
[html.storebuild.shop/tecza-prv/tecza/checkout.html]
[html.storebuild.shop/tecza-prv/tecza/assets/img/service/service-details-price.jpg]
[html.storebuild.shop/tecza-prv/tecza/assets/img/service/service-details-calll-icon.svg]
[html.storebuild.shop/tecza-prv/tecza/assets/img/service/service-details-img.jpg]
[html.storebuild.shop/tecza-prv/tecza/service-details.html]
[html.storebuild.shop/tecza-prv/tecza/about.html]
[html.storebuild.shop/tecza-prv/tecza/assets/img/team/team-details-bg.jpg]
[html.storebuild.shop/tecza-prv/tecza/assets/img/team/team-details-img.jpg]
[html.storebuild.shop/tecza-prv/tecza/team-details.html]
[html.storebuild.shop/tecza-prv/tecza/assets/img/blog/blog-sidebar-11.jpg]
[html.storebuild.shop/tecza-prv/tecza/assets/img/blog/postbox-thumb1.jpg]
[html.storebuild.shop/tecza-prv/tecza/assets/img/blog/postbox-thumb2.jpg]
[html.storebuild.shop/tecza-prv/tecza/assets/img/blog/blog-code.svg]
[html.storebuild.shop/tecza-prv/tecza/assets/img/blog/blog-details-4.png]
[html.storebuild.shop/tecza-prv/tecza/assets/img/blog/details-sm-1-1.jpg]
[html.storebuild.shop/tecza-prv/tecza/assets/img/blog/details-sm-1-2.jpg]
[html.storebuild.shop/tecza-prv/tecza/assets/img/blog/details-sm-1-3.jpg]
[html.storebuild.shop/tecza-prv/tecza/blog-details.html]
[html.storebuild.shop/tecza-prv/tecza/pricing.html]
[html.storebuild.shop/tecza-prv/tecza/assets/img/service/service-2-img4.jpg]
[html.storebuild.shop/tecza-prv/tecza/assets/img/service/service-2-img5.jpg]
[html.storebuild.shop/tecza-prv/tecza/assets/img/service/service-2-img6.jpg]
[html.storebuild.shop/tecza-prv/tecza/service.html]
[html.storebuild.shop/tecza-prv/tecza/assets/img/project/project-img5.jpg]
[html.storebuild.shop/tecza-prv/tecza/assets/img/project/project-img6.jpg]
[html.storebuild.shop/tecza-prv/tecza/portfolio.html]
[html.storebuild.shop/tecza-prv/tecza/assets/js/vendor/jquery.js]
[html.storebuild.shop/tecza-prv/tecza/assets/js/vendor/waypoints.js]
[html.storebuild.shop/tecza-prv/tecza/assets/js/bootstrap-bundle.js]
[html.storebuild.shop/tecza-prv/tecza/e]
[html.storebuild.shop/tecza-prv/tecza/a.params.url]
[html.storebuild.shop/tecza-prv/tecza/assets/js/swiper-bundle.js]
[html.storebuild.shop/tecza-prv/tecza/assets/js/slick.js]
[html.storebuild.shop/tecza-prv/tecza/assets/js/range-slider.js]
[html.storebuild.shop/tecza-prv/tecza/assets/js/magnific-popup.js]
[html.storebuild.shop/tecza-prv/tecza/assets/js/nice-select.js]
[html.storebuild.shop/tecza-prv/tecza/assets/js/purecounter.js]
[html.storebuild.shop/tecza-prv/tecza/assets/js/wow.js]
[html.storebuild.shop/tecza-prv/tecza/assets/js/isotope-pkgd.js]
[html.storebuild.shop/tecza-prv/tecza/assets/js/imagesloaded-pkgd.js]
[html.storebuild.shop/tecza-prv/tecza/assets/js/ajax-form.js]
[html.storebuild.shop/tecza-prv/tecza/assets/js/slider-active.js]
[html.storebuild.shop/tecza-prv/tecza/assets/js/main.js]
[html.storebuild.shop/tecza-prv/tecza/assets/fonts/fa-duotone-900.html]
[html.storebuild.shop/tecza-prv/tecza/assets/fonts/fa-duotone-901.html]
[html.storebuild.shop/tecza-prv/tecza/assets/fonts/flaticon_tecza.svg]
[html.storebuild.shop/tecza-prv/tecza/assets/img/icon/cross-out.html]
[html.storebuild.shop/tecza-prv/tecza/assets/css/images/ui-icons_444444_256x240.html]
[html.storebuild.shop/tecza-prv/tecza/assets/css/images/ui-icons_555555_256x240.html]
[html.storebuild.shop/tecza-prv/tecza/assets/css/images/ui-icons_ffffff_256x240.html]
[html.storebuild.shop/tecza-prv/tecza/assets/css/images/ui-icons_777620_256x240.html]
[html.storebuild.shop/tecza-prv/tecza/assets/css/images/ui-icons_cc0000_256x240.html]
[html.storebuild.shop/tecza-prv/tecza/assets/css/images/ui-icons_777777_256x240.html]
[html.storebuild.shop/tecza-prv/tecza/assets/img/team/team-3-img4.jpg]
[html.storebuild.shop/tecza-prv/tecza/assets/img/team/team-3-img5.jpg]
[html.storebuild.shop/tecza-prv/tecza/assets/img/team/team-3-img6.jpg]
[html.storebuild.shop/tecza-prv/tecza/team.html]
[html.storebuild.shop/tecza-prv/tecza/assets/img/testimonial/testimonial-5-thumb3.png]
[html.storebuild.shop/tecza-prv/tecza/assets/img/testimonial/testimonial-5-thumb4.png]
[html.storebuild.shop/tecza-prv/tecza/testimonials.html]
[html.storebuild.shop/tecza-prv/tecza/assets/img/portfolio/portfolio-details-img.jpg]
[html.storebuild.shop/tecza-prv/tecza/assets/img/portfolio/portfolio-details-icon.svg]
[html.storebuild.shop/tecza-prv/tecza/assets/img/portfolio/portfolio-details-thumb1.jpg]
[html.storebuild.shop/tecza-prv/tecza/assets/img/portfolio/portfolio-details-thum2.jpg]
[html.storebuild.shop/tecza-prv/tecza/assets/img/portfolio/portfolio-details-menu-icon.svg]
[html.storebuild.shop/tecza-prv/tecza/portfolio-details.html]
[html.storebuild.shop/tecza-prv/tecza/assets/img/faq/faq-inner-thumb.jpg]
[html.storebuild.shop/tecza-prv/tecza/faq.html]
[html.storebuild.shop/tecza-prv/tecza/assets/img/error/error.png]
[html.storebuild.shop/tecza-prv/tecza/error.html]
[html.storebuild.shop/tecza-prv/tecza/assets/img/blog/blog4.jpg]
[html.storebuild.shop/tecza-prv/tecza/assets/img/blog/blog5.jpg]
[html.storebuild.shop/tecza-prv/tecza/assets/img/blog/blog6.jpg]
[html.storebuild.shop/tecza-prv/tecza/blog.html]
[html.storebuild.shop/tecza-prv/tecza/assets/img/blog/blog-sidebar-1.jpg]
[html.storebuild.shop/tecza-prv/tecza/assets/img/blog/blog-siteber-celender.svg]
[html.storebuild.shop/tecza-prv/tecza/assets/img/blog/blog-siteber-user.svg]
[html.storebuild.shop/tecza-prv/tecza/assets/img/blog/blog-sidebar-2.jpg]
[html.storebuild.shop/tecza-prv/tecza/assets/img/blog/blog-sidebar-3.jpg]
[html.storebuild.shop/tecza-prv/tecza/blog-sideber.html]
[html.storebuild.shop/tecza-prv/tecza/assets/img/shop/shop-img-1.jpg]
[html.storebuild.shop/tecza-prv/tecza/assets/img/shop/shop-img-2.jpg]
[html.storebuild.shop/tecza-prv/tecza/assets/img/shop/shop-img-3.jpg]
[html.storebuild.shop/tecza-prv/tecza/assets/img/shop/shop-img-4.jpg]
[html.storebuild.shop/tecza-prv/tecza/assets/img/shop/shop-img-5.jpg]
[html.storebuild.shop/tecza-prv/tecza/assets/img/shop/shop-img-6.jpg]
[html.storebuild.shop/tecza-prv/tecza/assets/img/shop/shop-img-7.jpg]
[html.storebuild.shop/tecza-prv/tecza/assets/img/shop/shop-img-8.jpg]
[html.storebuild.shop/tecza-prv/tecza/assets/img/shop/shop-img-9.jpg]
[html.storebuild.shop/tecza-prv/tecza/assets/img/shop/01_Prod.jpg]
[html.storebuild.shop/tecza-prv/tecza/assets/img/shop/02_Prod.jpg]
[html.storebuild.shop/tecza-prv/tecza/assets/img/shop/03_Prod.jpg]
[html.storebuild.shop/tecza-prv/tecza/assets/img/shop/04_Prod.jpg]
[html.storebuild.shop/tecza-prv/tecza/assets/img/shop/05_Prod.jpg]
[html.storebuild.shop/tecza-prv/tecza/shop.html]
[html.storebuild.shop/tecza-prv/tecza/assets/img/header/location.svg]
[html.storebuild.shop/tecza-prv/tecza/assets/img/header/message.svg]
[html.storebuild.shop/tecza-prv/tecza/assets/img/about/about-2-feature-icon1.svg]
[html.storebuild.shop/tecza-prv/tecza/assets/img/about/about-2-feature-icon2.svg]
[html.storebuild.shop/tecza-prv/tecza/assets/img/about/about-camp-icon.svg]
[html.storebuild.shop/tecza-prv/tecza/assets/img/counter/counter-icon1.svg]
[html.storebuild.shop/tecza-prv/tecza/assets/img/counter/counter-icon2.svg]
[html.storebuild.shop/tecza-prv/tecza/assets/img/counter/counter-icon3.svg]
[html.storebuild.shop/tecza-prv/tecza/assets/img/counter/counter-icon4.svg]
[html.storebuild.shop/tecza-prv/tecza/assets/img/about/about-3-feature.svg]
[html.storebuild.shop/tecza-prv/tecza/assets/img/about/about-3-list-icon.svg]
[html.storebuild.shop/tecza-prv/tecza/assets/img/service/service-3-icon.svg]
[html.storebuild.shop/tecza-prv/tecza/service-detalis.html]
[html.storebuild.shop/tecza-prv/tecza/assets/img/service/service-3-icon2.svg]
[html.storebuild.shop/tecza-prv/tecza/assets/img/service/service-3-icon3.svg]
[html.storebuild.shop/tecza-prv/tecza/assets/img/service/service-3-icon6.svg]
[html.storebuild.shop/tecza-prv/tecza/assets/img/service/service-3-icon4.svg]
[html.storebuild.shop/tecza-prv/tecza/assets/img/service/service-3-icon5.svg]
[html.storebuild.shop/tecza-prv/tecza/assets/img/choose-us/choose-us-icon1.svg]
[html.storebuild.shop/tecza-prv/tecza/assets/img/choose-us/choose-us-icon2.svg]
[html.storebuild.shop/tecza-prv/tecza/assets/js/jquery-knob.js]
[html.storebuild.shop/tecza-prv/tecza/assets/js/jquery-appear.js]
[html.storebuild.shop/tecza-prv/tecza/assets/img/header/toggle-btn.svg]
[html.storebuild.shop/tecza-prv/tecza/assets/img/about/about-4-feature-icon.svg]
[html.storebuild.shop/tecza-prv/tecza/assets/img/service/service-4-icon1.svg]
[html.storebuild.shop/tecza-prv/tecza/assets/img/service/service-4-icon2.svg]
[html.storebuild.shop/tecza-prv/tecza/assets/img/service/service-4-icon3.svg]
[html.storebuild.shop/tecza-prv/tecza/assets/img/service/service-4-icon4.svg]
[html.storebuild.shop/tecza-prv/tecza/assets/img/project/project-4-right-icon.svg]
[html.storebuild.shop/tecza-prv/tecza/assets/img/counter/counter-4-icon1.svg]
[html.storebuild.shop/tecza-prv/tecza/assets/img/counter/counter-4-icon2.svg]
[html.storebuild.shop/tecza-prv/tecza/assets/img/counter/counter-4-icon3.svg]
[html.storebuild.shop/tecza-prv/tecza/assets/img/counter/counter-4-icon4.svg]
[html.storebuild.shop/tecza-prv/tecza/assets/img/testimonial/testi-4-quate-icon.svg]
[html.storebuild.shop/tecza-prv/tecza/assets/img/blog/blog-4-subtitle-icon.svg]
[html.storebuild.shop/tecza-prv/tecza/assets/img/service/service-5-star.svg]
[html.storebuild.shop/tecza-prv/tecza/assets/img/step/step-icon1.svg]
[html.storebuild.shop/tecza-prv/tecza/assets/img/step/step-icon2.svg]
[html.storebuild.shop/tecza-prv/tecza/assets/img/step/step-icon3.svg]
[html.storebuild.shop/tecza-prv/tecza/assets/img/step/step-icon4.svg]
[html.storebuild.shop/tecza-prv/tecza/assets/img/testimonial/testi-quote-icon.svg]
[html.storebuild.shop/tecza-prv/tecza/assets/img/benifit/benifit-5-icon.svg]
[html.storebuild.shop/tecza-prv/tecza/assets/img/benifit/benifit-5-btn-icon.svg]
[html.storebuild.shop/tecza-prv/tecza/assets/img/service/service-details-calll-icon.svg]
[html.storebuild.shop/tecza-prv/tecza/assets/img/blog/blog-code.svg]
[html.storebuild.shop/tecza-prv/tecza/e.html]
[html.storebuild.shop/tecza-prv/tecza/a.params.html]
[html.storebuild.shop/tecza-prv/tecza/assets/img/portfolio/portfolio-details-icon.svg]
[html.storebuild.shop/tecza-prv/tecza/assets/img/portfolio/portfolio-details-menu-icon.svg]
[html.storebuild.shop/tecza-prv/tecza/assets/img/blog/blog-siteber-celender.svg]
[html.storebuild.shop/tecza-prv/tecza/assets/img/blog/blog-siteber-user.svg]
